[chawkbazar.vercel.app/index.html]
[chawkbazar.vercel.app/assets/images/og-image-01.png]
[chawkbazar.vercel.app/assets/images/og-image-02.png]
[backblue.gif]
[fade.gif]
[index.html]
[chawkbazar.vercel.app/icons/apple-icon-180.png]
[chawkbazar.vercel.app/manifest.json]
[chawkbazar.vercel.app/_next/static/css/9618843d64d27e2b.css]
[chawkbazar.vercel.app/_next/static/css/1750f8f60421b540.css]
[chawkbazar.vercel.app/_next/static/chunks/polyfills-c67a75d1b6f99dc8.js]
[chawkbazar.vercel.app/_next/static/chunks/webpack-11507d9404c782a4.js]
[chawkbazar.vercel.app/_next/static/chunks/framework-4ed89e9640adfb9e.js]
[chawkbazar.vercel.app/_next/static/chunks/main-6c41000a1f9083f0.js]
[chawkbazar.vercel.app/_next/static/chunks/1bfc9850-e09d9ddd5c83c0be.js]
[chawkbazar.vercel.app/_next/static/chunks/pages/_app-133e09cb3c544490.js]
[chawkbazar.vercel.app/_next/static/chunks/d7eeaac4-8e983cda63ed2928.js]
[chawkbazar.vercel.app/_next/static/chunks/d64684d8-0734302e831708fe.js]
[chawkbazar.vercel.app/_next/static/chunks/5709-14ea29504916a42b.js]
[chawkbazar.vercel.app/_next/static/chunks/7224-741e4fef72263d78.js]
[chawkbazar.vercel.app/_next/static/chunks/7296-d66692e2dfaa5044.js]
[chawkbazar.vercel.app/_next/static/chunks/7334-7dcde3a0139f0def.js]
[chawkbazar.vercel.app/_next/static/chunks/6555-ac0fe4165127aa95.js]
[chawkbazar.vercel.app/_next/static/chunks/8797-73b6486d4fee6e05.js]
[chawkbazar.vercel.app/_next/static/chunks/7122-84ce3f0db035d5f4.js]
[chawkbazar.vercel.app/_next/static/chunks/9110-9f7a09e976503542.js]
[chawkbazar.vercel.app/_next/static/chunks/pages/index-15bc26fec262fea9.js]
[chawkbazar.vercel.app/_next/static/nfQ1CEC8XiqK0I1wKBh1f/_buildManifest.js]
[chawkbazar.vercel.app/_next/static/nfQ1CEC8XiqK0I1wKBh1f/_ssgManifest.js]
[chawkbazar.vercel.app/assets/images/logo.svg]
[chawkbazar.vercel.app/standard.html]
[chawkbazar.vercel.app/minimal]
[chawkbazar.vercel.app/vintage]
[chawkbazar.vercel.app/classic]
[chawkbazar.vercel.app/trendy.html]
[chawkbazar.vercel.app/elegant.html]
[chawkbazar.vercel.app/refined.html]
[chawkbazar.vercel.app/search86a8]
[chawkbazar.vercel.app/ancient]
[chawkbazar.vercel.app/search937a]
[chawkbazar.vercel.app/contemporary.html]
[chawkbazar.vercel.app/searchcb32]
[chawkbazar.vercel.app/search8b1c]
[chawkbazar.vercel.app/search44e3]
[chawkbazar.vercel.app/search47c6]
[chawkbazar.vercel.app/searchf606]
[chawkbazar.vercel.app/searchbc98]
[chawkbazar.vercel.app/search1e3b]
[chawkbazar.vercel.app/search79b3]
[chawkbazar.vercel.app/search66a8]
[chawkbazar.vercel.app/search1dc1]
[chawkbazar.vercel.app/search2be7]
[chawkbazar.vercel.app/search9ce9]
[chawkbazar.vercel.app/searcha845]
[chawkbazar.vercel.app/search914a]
[chawkbazar.vercel.app/search36e3]
[chawkbazar.vercel.app/search96d4]
[chawkbazar.vercel.app/search4ee8]
[chawkbazar.vercel.app/searchf70c]
[chawkbazar.vercel.app/searchb666]
[chawkbazar.vercel.app/searchee90]
[chawkbazar.vercel.app/search2973]
[chawkbazar.vercel.app/searchc74e]
[chawkbazar.vercel.app/search5327]
[chawkbazar.vercel.app/search3ea5]
[chawkbazar.vercel.app/searchc789]
[chawkbazar.vercel.app/search81cd]
[chawkbazar.vercel.app/searche689]
[chawkbazar.vercel.app/search840e]
[chawkbazar.vercel.app/search42f5]
[chawkbazar.vercel.app/search1d5c]
[chawkbazar.vercel.app/search6605]
[chawkbazar.vercel.app/searchf403]
[chawkbazar.vercel.app/search87d0]
[chawkbazar.vercel.app/search77cd]
[chawkbazar.vercel.app/search833d]
[chawkbazar.vercel.app/search696b]
[chawkbazar.vercel.app/search26c4]
[chawkbazar.vercel.app/search7fa8]
[chawkbazar.vercel.app/search3c29]
[chawkbazar.vercel.app/search3c63]
[chawkbazar.vercel.app/searcha4b4]
[chawkbazar.vercel.app/searchf91f]
[chawkbazar.vercel.app/search]
[chawkbazar.vercel.app/shops]
[chawkbazar.vercel.app/my-account]
[chawkbazar.vercel.app/signin]
[chawkbazar.vercel.app/signup]
[chawkbazar.vercel.app/forget-password]
[chawkbazar.vercel.app/privacy]
[chawkbazar.vercel.app/faq]
[chawkbazar.vercel.app/terms]
[chawkbazar.vercel.app/checkout]
[chawkbazar.vercel.app/contact-us]
[chawkbazar.vercel.app/collections/mens-collection.html]
[chawkbazar.vercel.app/category/man.html]
[chawkbazar.vercel.app/order]
[chawkbazar.vercel.app/404]
[chawkbazar.vercel.app/_next/banner-mobile-12a02.jpg]
[chawkbazar.vercel.app/_next/banner-mobile-2ccf8.jpg]
[chawkbazar.vercel.app/collections/new-sports.html]
[chawkbazar.vercel.app/collections/dress-women.html]
[chawkbazar.vercel.app/_next/banner-mobile-30770.jpg]
[chawkbazar.vercel.app/collections/exclusive-sunglasses.html]
[chawkbazar.vercel.app/_next/banner-mobile-4d140.jpg]
[chawkbazar.vercel.app/collections/product-coupons.html]
[chawkbazar.vercel.app/_next/banner-mobile-5a7cc.jpg]
[chawkbazar.vercel.app/collections/new-backpack.html]
[chawkbazar.vercel.app/_next/banner-mobile-63449.jpg]
[chawkbazar.vercel.app/collections/travel-baggage.html]
[chawkbazar.vercel.app/_next/banner-1e50d.jpg]
[chawkbazar.vercel.app/collections/women's-collection.html]
[chawkbazar.vercel.app/_next/banner-2643d.jpg]
[chawkbazar.vercel.app/_next/banner-3140d.jpg]
[chawkbazar.vercel.app/collections/winter-collection.html]
[chawkbazar.vercel.app/_next/banner-3768d.jpg]
[chawkbazar.vercel.app/collections/offer-everything.html]
[chawkbazar.vercel.app/_next/banner-mobile-41e32.jpg]
[chawkbazar.vercel.app/collections/sale-offer.html]
[chawkbazar.vercel.app/_next/banner-sale-offer98f1.jpg]
[chawkbazar.vercel.app/_next/women1077.png]
[chawkbazar.vercel.app/_next/men9b09.png]
[chawkbazar.vercel.app/assets/images/app-store.svg]
[chawkbazar.vercel.app/assets/images/play-store.svg]
[chawkbazar.vercel.app/_next/app9d60.png]
[chawkbazar.vercel.app/_next/support076f.png]
[chawkbazar.vercel.app/_next/1fbe0.jpg]
[chawkbazar.vercel.app/_next/21425.jpg]
[chawkbazar.vercel.app/_next/378f4.jpg]
[chawkbazar.vercel.app/_next/4501b.jpg]
[chawkbazar.vercel.app/_next/5bd6f.jpg]
[chawkbazar.vercel.app/_next/62707.jpg]
[chawkbazar.vercel.app/assets/images/payment/visa.svg]
[chawkbazar.vercel.app/index.html]
[chawkbazar.vercel.app/assets/images/payment/paypal.svg]
[chawkbazar.vercel.app/assets/images/payment/skrill.svg]
[chawkbazar.vercel.app/_next/static/media/open-sans-cyrillic-ext-400-normal.6a6d236f.woff2]
[chawkbazar.vercel.app/assets/images/payment/jcb.svg]
[chawkbazar.vercel.app/assets/images/payment/mastercard.svg]
[chawkbazar.vercel.app/_next/static/media/open-sans-all-400-normal.f45bbf0e.woff]
[chawkbazar.vercel.app/_next/static/media/open-sans-cyrillic-400-normal.78c382a3.woff2]
[chawkbazar.vercel.app/_next/static/media/open-sans-greek-ext-400-normal.46d1f7b1.woff2]
[chawkbazar.vercel.app/_next/static/media/open-sans-greek-400-normal.6cfbac38.woff2]
[chawkbazar.vercel.app/_next/static/media/open-sans-hebrew-400-normal.ee3553a7.woff2]
[chawkbazar.vercel.app/_next/static/media/open-sans-vietnamese-400-normal.ecb2bf2b.woff2]
[chawkbazar.vercel.app/_next/static/media/open-sans-latin-ext-400-normal.68046e27.woff2]
[chawkbazar.vercel.app/_next/static/media/open-sans-latin-400-normal.55ee70a1.woff2]
[chawkbazar.vercel.app/_next/static/media/open-sans-cyrillic-ext-600-normal.54ca7aeb.woff2]
[chawkbazar.vercel.app/_next/static/media/open-sans-all-600-normal.88155beb.woff]
[chawkbazar.vercel.app/_next/static/media/open-sans-cyrillic-600-normal.fb4e167c.woff2]
[chawkbazar.vercel.app/_next/static/media/open-sans-greek-ext-600-normal.7e1ed1f7.woff2]
[chawkbazar.vercel.app/_next/static/media/open-sans-greek-600-normal.1f5152c2.woff2]
[chawkbazar.vercel.app/_next/static/media/open-sans-hebrew-600-normal.620af147.woff2]
[chawkbazar.vercel.app/_next/static/media/open-sans-vietnamese-600-normal.a6824e10.woff2]
[chawkbazar.vercel.app/_next/static/media/open-sans-latin-ext-600-normal.5bdbb06a.woff2]
[chawkbazar.vercel.app/_next/static/media/open-sans-latin-600-normal.07f9d4a5.woff2]
[chawkbazar.vercel.app/_next/static/media/open-sans-cyrillic-ext-700-normal.cd4eed47.woff2]
[chawkbazar.vercel.app/_next/static/media/open-sans-all-700-normal.fbefc15e.woff]
[chawkbazar.vercel.app/_next/static/media/open-sans-cyrillic-700-normal.058ac6fe.woff2]
[chawkbazar.vercel.app/_next/static/media/open-sans-greek-ext-700-normal.e32c1bc7.woff2]
[chawkbazar.vercel.app/_next/static/media/open-sans-greek-700-normal.da17f754.woff2]
[chawkbazar.vercel.app/_next/static/media/open-sans-hebrew-700-normal.192e528b.woff2]
[chawkbazar.vercel.app/_next/static/media/open-sans-vietnamese-700-normal.c07a29b9.woff2]
[chawkbazar.vercel.app/_next/static/media/open-sans-latin-ext-700-normal.e0631967.woff2]
[chawkbazar.vercel.app/_next/static/media/open-sans-latin-700-normal.532b8102.woff2]
[chawkbazar.vercel.app/_next/static/media/satisfy-latin-400-normal.a85b60b2.woff2]
[chawkbazar.vercel.app/_next/static/media/satisfy-all-400-normal.b8f82192.woff]
[chawkbazar.vercel.app/_next/static/css/9618843d64d27e2b.css]
[chawkbazar.vercel.app/assets/images/app-pattern.png]
[chawkbazar.vercel.app/_next/static/css/1750f8f60421b540.css]
[chawkbazar.vercel.app/assets/images/logo.svg]
[chawkbazar.vercel.app/_next/static/chunks/5286-a9f0fe09d7da6459.js]
[chawkbazar.vercel.app/_next/static/chunks/3460-7b6625d25b81ff02.js]
[chawkbazar.vercel.app/_next/static/chunks/pages/standard-04a645455bd7e201.js]
[chawkbazar.vercel.app/_next/banner-mobile-1354e.jpg]
[chawkbazar.vercel.app/collections/gift-collection.html]
[chawkbazar.vercel.app/_next/banner-mobile-28d7d.jpg]
[chawkbazar.vercel.app/collections/party-collection.html]
[chawkbazar.vercel.app/_next/banner-mobile-3433e.jpg]
[chawkbazar.vercel.app/collections/men's-collection.html]
[chawkbazar.vercel.app/_next/banner-mobile-21c70.jpg]
[chawkbazar.vercel.app/_next/p-29-smdf3f.png]
[chawkbazar.vercel.app/_next/p-27-sm88f9.png]
[chawkbazar.vercel.app/_next/p-24-sm6663.png]
[chawkbazar.vercel.app/_next/banner-mobile-1983b.jpg]
[chawkbazar.vercel.app/_next/banner-mobile-20779.jpg]
[chawkbazar.vercel.app/collections/kid's-collection.html]
[chawkbazar.vercel.app/_next/banner-mobile-39b1c.jpg]
[chawkbazar.vercel.app/_next/womanfae0.jpg]
[chawkbazar.vercel.app/category/woman.html]
[chawkbazar.vercel.app/_next/man9ec7.jpg]
[chawkbazar.vercel.app/category/watch.html]
[chawkbazar.vercel.app/_next/watchaf89.jpg]
[chawkbazar.vercel.app/_next/kidec62.jpg]
[chawkbazar.vercel.app/category/kids.html]
[chawkbazar.vercel.app/category/sports.html]
[chawkbazar.vercel.app/_next/sportse8ad.jpg]
[chawkbazar.vercel.app/category/sunglass.html]
[chawkbazar.vercel.app/_next/sunglass5ad6.jpg]
[chawkbazar.vercel.app/category/bags.html]
[chawkbazar.vercel.app/_next/bags1848.jpg]
[chawkbazar.vercel.app/category/sneakers.html]
[chawkbazar.vercel.app/_next/sneakersd6c8.jpg]
[chawkbazar.vercel.app/_next/p-1d089.png]
[chawkbazar.vercel.app/_next/p-21294.png]
[chawkbazar.vercel.app/_next/p-84df2.png]
[chawkbazar.vercel.app/_next/p-4353c.png]
[chawkbazar.vercel.app/_next/p-524aa.png]
[chawkbazar.vercel.app/_next/p-6ec15.png]
[chawkbazar.vercel.app/_next/p-789e6.png]
[chawkbazar.vercel.app/_next/p-3e629.png]
[chawkbazar.vercel.app/_next/p-9ef97.png]
[chawkbazar.vercel.app/_next/p-10a38d.png]
[chawkbazar.vercel.app/collections/holiday-offers.html]
[chawkbazar.vercel.app/_next/banner-mobile-19e54.jpg]
[chawkbazar.vercel.app/_next/1fb95.jpg]
[chawkbazar.vercel.app/_next/2503d.jpg]
[chawkbazar.vercel.app/_next/3d850.jpg]
[chawkbazar.vercel.app/assets/images/feature/saving.svg]
[chawkbazar.vercel.app/assets/images/feature/risk-free.svg]
[chawkbazar.vercel.app/assets/images/feature/delivery.svg]
[chawkbazar.vercel.app/standard.html]
[chawkbazar.vercel.app/assets/images/feature/product.svg]
[chawkbazar.vercel.app/_next/static/chunks/pages/minimal-6a5a5b78a9a66694.js]
[chawkbazar.vercel.app/_next/banner-mobile-1a9e3.jpg]
[chawkbazar.vercel.app/_next/banner-mobile-229f5.jpg]
[chawkbazar.vercel.app/_next/banner-mobile-3e026.jpg]
[chawkbazar.vercel.app/collections/t-shirts-collection.html]
[chawkbazar.vercel.app/_next/banner-mobile-10bee.jpg]
[chawkbazar.vercel.app/collections/jins-collection.html]
[chawkbazar.vercel.app/_next/banner-mobile-28ad6.jpg]
[chawkbazar.vercel.app/_next/banner-mobile-3eaf3.jpg]
[chawkbazar.vercel.app/minimal]
[chawkbazar.vercel.app/_next/static/chunks/pages/vintage-0cd22b259e09948d.js]
[chawkbazar.vercel.app/collections/selected-items.html]
[chawkbazar.vercel.app/_next/banner-mobile-11143.jpg]
[chawkbazar.vercel.app/collections/casual-top.html]
[chawkbazar.vercel.app/_next/banner-mobile-23a5f.jpg]
[chawkbazar.vercel.app/collections/branded-top.html]
[chawkbazar.vercel.app/_next/banner-mobile-34bb1.jpg]
[chawkbazar.vercel.app/_next/banner-sale-offer-reverse04d9.jpg]
[chawkbazar.vercel.app/_next/banner-mobile-6f07f.png]
[chawkbazar.vercel.app/_next/banner-mobile-5ed42.png]
[chawkbazar.vercel.app/vintage]
[chawkbazar.vercel.app/classic]
[chawkbazar.vercel.app/_next/static/chunks/pages/classic-d23edd56bc7a82ce.js]
[chawkbazar.vercel.app/_next/static/chunks/6678-311e95e7d6d49364.js]
[chawkbazar.vercel.app/_next/static/chunks/pages/trendy-c182138a917d783e.js]
[chawkbazar.vercel.app/_next/banner-mobile-4c9f2.jpg]
[chawkbazar.vercel.app/_next/banner-mobile-53405.jpg]
[chawkbazar.vercel.app/_next/banner-mobile-6effb.jpg]
[chawkbazar.vercel.app/_next/banner-mobile-4635d.jpg]
[chawkbazar.vercel.app/_next/banner-mobile-54445.jpg]
[chawkbazar.vercel.app/assets/images/category/icons/woman.png]
[chawkbazar.vercel.app/assets/images/category/icons/man.png]
[chawkbazar.vercel.app/assets/images/category/icons/watch.png]
[chawkbazar.vercel.app/assets/images/category/icons/kids.png]
[chawkbazar.vercel.app/assets/images/category/icons/sports.png]
[chawkbazar.vercel.app/assets/images/category/icons/sunglass.png]
[chawkbazar.vercel.app/assets/images/category/icons/bags.png]
[chawkbazar.vercel.app/assets/images/category/icons/sneakers.png]
[chawkbazar.vercel.app/_next/p-26-mdafea.png]
[chawkbazar.vercel.app/_next/p-16-md1768.png]
[chawkbazar.vercel.app/_next/p-25-mda862.png]
[chawkbazar.vercel.app/_next/p-30-mdbc47.png]
[chawkbazar.vercel.app/_next/p-14-md2257.png]
[chawkbazar.vercel.app/_next/p-27-md135f.png]
[chawkbazar.vercel.app/_next/p-8-md435e.png]
[chawkbazar.vercel.app/_next/p-24-mdc6f1.png]
[chawkbazar.vercel.app/_next/p-12-md17d9.png]
[chawkbazar.vercel.app/_next/banner-mobile-71f2b.jpg]
[chawkbazar.vercel.app/_next/banner-sale-offer-half-mobilece29.jpg]
[chawkbazar.vercel.app/assets/images/testimonials/1.jpg]
[chawkbazar.vercel.app/assets/images/testimonials/2.jpg]
[chawkbazar.vercel.app/assets/images/testimonials/3.jpg]
[chawkbazar.vercel.app/assets/images/testimonials/4.jpg]
[chawkbazar.vercel.app/assets/images/testimonials/5.jpg]
[chawkbazar.vercel.app/assets/images/subscription-bg.png]
[chawkbazar.vercel.app/trendy.html]
[chawkbazar.vercel.app/_next/static/chunks/1572-1d79feacb08f756b.js]
[chawkbazar.vercel.app/_next/static/chunks/pages/elegant-e5f25da5c5b43501.js]
[chawkbazar.vercel.app/_next/banner-mobile-734a5.jpg]
[chawkbazar.vercel.app/_next/banner-mobile-7358d.jpg]
[chawkbazar.vercel.app/collections/new-kid's.html]
[chawkbazar.vercel.app/_next/banner-mobile-88982.jpg]
[chawkbazar.vercel.app/_next/banner-mobile-90ffe.jpg]
[chawkbazar.vercel.app/_next/banner-mobile-800e5.jpg]
[chawkbazar.vercel.app/_next/4241a.jpg]
[chawkbazar.vercel.app/_next/5a5a5.jpg]
[chawkbazar.vercel.app/_next/6140d.jpg]
[chawkbazar.vercel.app/elegant.html]
[chawkbazar.vercel.app/_next/static/chunks/pages/refined-e408cccac050f7b6.js]
[chawkbazar.vercel.app/_next/woman37ab.jpg]
[chawkbazar.vercel.app/_next/man94cc.jpg]
[chawkbazar.vercel.app/_next/watchaf46.jpg]
[chawkbazar.vercel.app/_next/kidc5b6.jpg]
[chawkbazar.vercel.app/_next/sports70bb.jpg]
[chawkbazar.vercel.app/_next/sunglass6521.jpg]
[chawkbazar.vercel.app/_next/bags55aa.jpg]
[chawkbazar.vercel.app/_next/sneakers4d75.jpg]
[chawkbazar.vercel.app/_next/banner-mobile-4f921.jpg]
[chawkbazar.vercel.app/_next/banner-mobile-104860.jpg]
[chawkbazar.vercel.app/collections/summer-collection.html]
[chawkbazar.vercel.app/_next/banner-mobile-119973.jpg]
[chawkbazar.vercel.app/_next/banner-mobile-10867c.jpg]
[chawkbazar.vercel.app/_next/banner-mobile-9bfac.jpg]
[chawkbazar.vercel.app/refined.html]
[chawkbazar.vercel.app/_next/static/chunks/1694.9e508e8c3b2078fd.js]
[chawkbazar.vercel.app/_next/static/chunks/pages/contemporary-e520f5e5bcd23281.js]
[chawkbazar.vercel.app/search55ac]
[chawkbazar.vercel.app/_next/nike4dbd.png]
[chawkbazar.vercel.app/search4b4a]
[chawkbazar.vercel.app/_next/diorf058.png]
[chawkbazar.vercel.app/search8769]
[chawkbazar.vercel.app/_next/gucciadc9.png]
[chawkbazar.vercel.app/search4bb9]
[chawkbazar.vercel.app/_next/gucci1aef2.png]
[chawkbazar.vercel.app/searchb9e0]
[chawkbazar.vercel.app/_next/pumaa426.png]
[chawkbazar.vercel.app/_next/levis1dee.png]
[chawkbazar.vercel.app/search9571]
[chawkbazar.vercel.app/search8127]
[chawkbazar.vercel.app/_next/static/media/banner-1.21c3fc4f.png]
[chawkbazar.vercel.app/searchbf99]
[chawkbazar.vercel.app/_next/static/media/banner-2.1c5be4b0.png]
[chawkbazar.vercel.app/_next/banner-mobile-103a85.png]
[chawkbazar.vercel.app/_next/banner-mobile-110626.png]
[chawkbazar.vercel.app/_next/banner-mobile-12f3c8.png]
[chawkbazar.vercel.app/collections/backpacks.html]
[chawkbazar.vercel.app/_next/banner-12e373.png]
[chawkbazar.vercel.app/collections/sneakers.html]
[chawkbazar.vercel.app/_next/banner-13031b.png]
[chawkbazar.vercel.app/_next/featured-products-bannere633.png]
[chawkbazar.vercel.app/_next/banner-mobile-11117a.jpg]
[chawkbazar.vercel.app/_next/banner-mobile-12dd5f.jpg]
[chawkbazar.vercel.app/_next/7f7ef.png]
[chawkbazar.vercel.app/_next/83f43.png]
[chawkbazar.vercel.app/_next/98e32.png]
[chawkbazar.vercel.app/_next/app2d664.png]
[chawkbazar.vercel.app/contemporary.html]
[chawkbazar.vercel.app/_next/static/chunks/pages/ancient-7d8dba80b756ff31.js]
[chawkbazar.vercel.app/_next/hero-banner-mobile-157ab.png]
[chawkbazar.vercel.app/_next/hero-banner-mobile-23b3d.png]
[chawkbazar.vercel.app/_next/hero-banner-mobile-3ed8b.png]
[chawkbazar.vercel.app/_next/banner-3-mobile-m3081.png]
[chawkbazar.vercel.app/_next/banner-4-mobile-m66c9.png]
[chawkbazar.vercel.app/_next/banner-1-mobile-mc069.png]
[chawkbazar.vercel.app/_next/banner-2-mobile-md55c.png]
[chawkbazar.vercel.app/_next/app317ae.png]
[chawkbazar.vercel.app/assets/images/testimonials/6.png]
[chawkbazar.vercel.app/assets/images/testimonials/7.png]
[chawkbazar.vercel.app/assets/images/testimonials/8.png]
[chawkbazar.vercel.app/assets/images/testimonials/9.png]
[chawkbazar.vercel.app/ancient]
[chawkbazar.vercel.app/_next/static/chunks/6145-5c10f9ba4df38486.js]
[chawkbazar.vercel.app/_next/static/chunks/5882-c8d5ffa50cb7d05d.js]
[chawkbazar.vercel.app/search86a8]
[chawkbazar.vercel.app/search937a]
[chawkbazar.vercel.app/searchcb32]
[chawkbazar.vercel.app/search8b1c]
[chawkbazar.vercel.app/search44e3]
[chawkbazar.vercel.app/search47c6]
[chawkbazar.vercel.app/searchf606]
[chawkbazar.vercel.app/searchbc98]
[chawkbazar.vercel.app/search1e3b]
[chawkbazar.vercel.app/search79b3]
[chawkbazar.vercel.app/search66a8]
[chawkbazar.vercel.app/search1dc1]
[chawkbazar.vercel.app/_next/static/chunks/pages/search-341acbb7482ecf8b.js]
[chawkbazar.vercel.app/search2be7]
[chawkbazar.vercel.app/search9ce9]
[chawkbazar.vercel.app/searcha845]
[chawkbazar.vercel.app/search914a]
[chawkbazar.vercel.app/search36e3]
[chawkbazar.vercel.app/search96d4]
[chawkbazar.vercel.app/search4ee8]
[chawkbazar.vercel.app/searchf70c]
[chawkbazar.vercel.app/searchb666]
[chawkbazar.vercel.app/searchee90]
[chawkbazar.vercel.app/search2973]
[chawkbazar.vercel.app/searchc74e]
[chawkbazar.vercel.app/search5327]
[chawkbazar.vercel.app/search3ea5]
[chawkbazar.vercel.app/searchc789]
[chawkbazar.vercel.app/search81cd]
[chawkbazar.vercel.app/searche689]
[chawkbazar.vercel.app/search840e]
[chawkbazar.vercel.app/search42f5]
[chawkbazar.vercel.app/search1d5c]
[chawkbazar.vercel.app/search6605]
[chawkbazar.vercel.app/searchf403]
[chawkbazar.vercel.app/search87d0]
[chawkbazar.vercel.app/search77cd]
[chawkbazar.vercel.app/search833d]
[chawkbazar.vercel.app/search696b]
[chawkbazar.vercel.app/search26c4]
[chawkbazar.vercel.app/search7fa8]
[chawkbazar.vercel.app/search3c29]
[chawkbazar.vercel.app/search3c63]
[chawkbazar.vercel.app/searcha4b4]
[chawkbazar.vercel.app/searchf91f]
[chawkbazar.vercel.app/search]
[chawkbazar.vercel.app/_next/static/chunks/0c428ae2-318c51add08ae3d1.js]
[chawkbazar.vercel.app/shops]
[chawkbazar.vercel.app/_next/static/chunks/pages/shops-638d2b31bd8d4802.js]
[chawkbazar.vercel.app/_next/static/chunks/7215-7a8264c49c77ee13.js]
[chawkbazar.vercel.app/_next/static/chunks/pages/my-account-9502c1d5a98b5948.js]
[chawkbazar.vercel.app/assets/images/page-header.jpg]
[chawkbazar.vercel.app/my-account/orders]
[chawkbazar.vercel.app/my-account]
[chawkbazar.vercel.app/my-account/account-details]
[chawkbazar.vercel.app/my-account/change-password]
[chawkbazar.vercel.app/_next/static/chunks/31664189-816f188736fd3a0e.js]
[chawkbazar.vercel.app/signin]
[chawkbazar.vercel.app/_next/static/chunks/pages/signin-eed01c5d8e562fdc.js]
[chawkbazar.vercel.app/signup]
[chawkbazar.vercel.app/_next/static/chunks/pages/signup-29bcf8522c5c0c37.js]
[chawkbazar.vercel.app/forget-password]
[chawkbazar.vercel.app/_next/static/chunks/pages/forget-password-921e7b1266b36e6a.js]
[chawkbazar.vercel.app/faq]
[chawkbazar.vercel.app/_next/static/chunks/pages/faq-cf5ceaa83262fb72.js]
[chawkbazar.vercel.app/_next/static/chunks/6261-7a1533b191588a72.js]
[chawkbazar.vercel.app/privacy]
[chawkbazar.vercel.app/_next/static/chunks/pages/privacy-5ca5cfb96b22b3d5.js]
[chawkbazar.vercel.app/terms]
[chawkbazar.vercel.app/_next/static/chunks/pages/terms-b5833c997d0779b7.js]
[chawkbazar.vercel.app/_next/static/chunks/pages/contact-us-79e84ed0763b8480.js]
[chawkbazar.vercel.app/assets/images/map-image.jpg]
[chawkbazar.vercel.app/contact-us]
[chawkbazar.vercel.app/checkout]
[chawkbazar.vercel.app/_next/static/chunks/pages/checkout-5f5497ee198233be.js]
[chawkbazar.vercel.app/collections/icons/apple-icon-180.png]
[chawkbazar.vercel.app/_next/static/chunks/252f366e-40ae17084c8c979f.js]
[chawkbazar.vercel.app/collections/mens-collection.html]
[chawkbazar.vercel.app/_next/static/chunks/pages/collections/[slug]-bd42168f25257d37.js]
[chawkbazar.vercel.app/category/icons/apple-icon-180.png]
[chawkbazar.vercel.app/_next/static/chunks/pages/category/[slug]-1d79aca238f0474a.js]
[chawkbazar.vercel.app/_next/category-banner3993.jpg]
[chawkbazar.vercel.app/category/man.html]
[chawkbazar.vercel.app/order]
[chawkbazar.vercel.app/404]
[chawkbazar.vercel.app/collections/new-sports.html]
[chawkbazar.vercel.app/collections/dress-women.html]
[chawkbazar.vercel.app/collections/exclusive-sunglasses.html]
[chawkbazar.vercel.app/collections/product-coupons.html]
[chawkbazar.vercel.app/collections/new-backpack.html]
[chawkbazar.vercel.app/collections/travel-baggage.html]
[chawkbazar.vercel.app/collections/women's-collection.html]
[chawkbazar.vercel.app/collections/winter-collection.html]
[chawkbazar.vercel.app/collections/offer-everything.html]
[chawkbazar.vercel.app/collections/sale-offer.html]
[chawkbazar.vercel.app/assets/images/app-store.svg]
[chawkbazar.vercel.app/assets/images/play-store.svg]
[chawkbazar.vercel.app/assets/images/payment/mastercard.svg]
[chawkbazar.vercel.app/assets/images/payment/visa.svg]
[chawkbazar.vercel.app/assets/images/payment/paypal.svg]
[chawkbazar.vercel.app/assets/images/payment/jcb.svg]
[chawkbazar.vercel.app/assets/images/payment/skrill.svg]
[chawkbazar.vercel.app/collections/gift-collection.html]
[chawkbazar.vercel.app/collections/party-collection.html]
[chawkbazar.vercel.app/collections/men's-collection.html]
[chawkbazar.vercel.app/collections/kid's-collection.html]
[chawkbazar.vercel.app/category/woman.html]
[chawkbazar.vercel.app/category/watch.html]
[chawkbazar.vercel.app/category/kids.html]
[chawkbazar.vercel.app/_next/static/chunks/pages/order-097e7e740e7c3e11.js]
[chawkbazar.vercel.app/category/sports.html]
[chawkbazar.vercel.app/category/sunglass.html]
[chawkbazar.vercel.app/category/bags.html]
[chawkbazar.vercel.app/category/sneakers.html]
[chawkbazar.vercel.app/collections/holiday-offers.html]
[chawkbazar.vercel.app/assets/images/feature/saving.svg]
[chawkbazar.vercel.app/assets/images/feature/risk-free.svg]
[chawkbazar.vercel.app/assets/images/feature/delivery.svg]
[chawkbazar.vercel.app/assets/images/feature/product.svg]
[chawkbazar.vercel.app/collections/t-shirts-collection.html]
[chawkbazar.vercel.app/collections/jins-collection.html]
[chawkbazar.vercel.app/collections/selected-items.html]
[chawkbazar.vercel.app/collections/casual-top.html]
[chawkbazar.vercel.app/collections/branded-top.html]
[chawkbazar.vercel.app/collections/new-kid's.html]
[chawkbazar.vercel.app/collections/summer-collection.html]
[chawkbazar.vercel.app/search55ac]
[chawkbazar.vercel.app/search4b4a]
[chawkbazar.vercel.app/search8769]
[chawkbazar.vercel.app/search4bb9]
[chawkbazar.vercel.app/searchb9e0]
[chawkbazar.vercel.app/search9571]
[chawkbazar.vercel.app/search8127]
[chawkbazar.vercel.app/searchbf99]
[chawkbazar.vercel.app/collections/backpacks.html]
[chawkbazar.vercel.app/collections/sneakers.html]
[chawkbazar.vercel.app/my-account/icons/apple-icon-180.png]
[chawkbazar.vercel.app/_next/static/chunks/pages/my-account/orders-8dcf967d43ea8be7.js]
[chawkbazar.vercel.app/my-account/orders/3203.html]
[chawkbazar.vercel.app/my-account/orders]
[chawkbazar.vercel.app/my-account/account-details]
[chawkbazar.vercel.app/_next/static/chunks/pages/my-account/account-details-24fd2ef2d89ae79d.js]
[chawkbazar.vercel.app/my-account/orders/3204.html]
[chawkbazar.vercel.app/my-account/change-password]
[chawkbazar.vercel.app/collections/icons/404]
[chawkbazar.vercel.app/category/icons/404]
[chawkbazar.vercel.app/my-account/icons/404]
[chawkbazar.vercel.app/_next/static/chunks/pages/my-account/change-password-27eaaf7a0f29337e.js]
[chawkbazar.vercel.app/my-account/orders/icons/apple-icon-180.png]
[chawkbazar.vercel.app/my-account/orders/3203.html]
[chawkbazar.vercel.app/my-account/orders/3204.html]
[chawkbazar.vercel.app/my-account/orders/icons/404]
[chawkbazar.vercel.app/_next/static/chunks/pages/my-account/orders/[id]-d5f475edb05691b2.js]
